---
source: parser.rs
expression: "Parser::new(file.path()).unwrap().collect::<Result<Vec<_>, _>>()"
---
Ok(
    [
        IfChangedBlock {
            name: None,
            range: (
                2,
                5,
            ),
            patterns: [
                Pattern {
                    name: None,
                    value: "foo.rs",
                    line: 6,
                },
                Pattern {
                    name: None,
                    value: "bar.rs",
                    line: 7,
                },
            ],
        },
    ],
)
