---
source: parser.rs
expression: "Parser::new(file.path()).unwrap().collect::<Result<Vec<_>, _>>()"
---
Ok(
    [
        IfChangedBlock {
            name: None,
            range: (
                1,
                1,
            ),
            patterns: [
                Pattern {
                    name: None,
                    value: "foo.rs",
                    line: 1,
                },
            ],
        },
    ],
)
